

 TLevel   Time         dt      Iter  ItCum

    2   0.170E+00   0.700E-01    8    20
    6   0.330E+00   0.356E-01    6    45
   11   0.500E+00   0.340E-01    5    74
   16   0.670E+00   0.340E-01    5    99
   21   0.830E+00   0.320E-01    4   119
   26   0.100E+01   0.340E-01    4   139
   55   0.200E+01   0.345E-01    4   255
   82   0.300E+01   0.385E-01    4   359
  101   0.400E+01   0.586E-01    3   432
  113   0.500E+01   0.964E-01    4   475
  123   0.600E+01   0.100E+00    4   514
