 Example                                                                 

 Program SWMS_2D
 Time independent boundary conditions
 Axisymmetric flow, V = L*L*L
 Units: L = cm   , T = min  , M = -    


 Time:      0.1700

    i    n    x      z    Code     Q          v           h       th      Conc
                                 [V/T]      [L/T]        [L]     [-]     [M/L3]

    1    2    0.0   50.0    1  0.280E+01 -0.107E+02        5.0  0.400 0.000E+00
    2    3    4.0   50.0    1  0.886E+03 -0.769E+02        5.0  0.400 0.000E+00
    3  359    2.0   50.0    1  0.121E+03 -0.119E+02        5.0  0.400 0.000E+00
    4  364    1.0   50.0    1  0.344E+02 -0.109E+02        5.0  0.400 0.000E+00
    5  374    4.0   53.8    1  0.199E+03  -Infinity        1.2  0.400 0.000E+00
    6  383    4.0   51.9    1  0.365E+03  -Infinity        3.1  0.400 0.000E+00
    7  390    4.0   54.7    1  0.501E+03  -Infinity        0.3  0.400 0.000E+00
    8  393    4.0   52.8    1  0.270E+03  -Infinity        2.2  0.400 0.000E+00
    9  463    0.5   50.0    1  0.169E+02 -0.108E+02        5.0  0.400 0.000E+00
   10  496    1.5   50.0    1  0.528E+02 -0.112E+02        5.0  0.400 0.000E+00
   11  497    4.0   54.2    1  0.229E+03  -Infinity        0.8  0.400 0.000E+00
   12  526    4.0   53.3    1  0.188E+03  -Infinity        1.7  0.400 0.000E+00
   13  554    3.0   50.0    1  0.244E+03 -0.129E+02        5.0  0.400 0.000E+00
   14  638    4.0   50.9    1  0.387E+03  -Infinity        4.1  0.400 0.000E+00


 Time:      0.3300

    i    n    x      z    Code     Q          v           h       th      Conc
                                 [V/T]      [L/T]        [L]     [-]     [M/L3]

    1    2    0.0   50.0    1  0.236E+01 -0.901E+01        5.0  0.400 0.000E+00
    2    3    4.0   50.0    1  0.763E+03 -0.662E+02        5.0  0.400 0.000E+00
    3  359    2.0   50.0    1  0.103E+03 -0.101E+02        5.0  0.400 0.000E+00
    4  364    1.0   50.0    1  0.290E+02 -0.924E+01        5.0  0.400 0.000E+00
    5  374    4.0   53.8    1  0.171E+03  -Infinity        1.2  0.400 0.000E+00
    6  383    4.0   51.9    1  0.313E+03  -Infinity        3.1  0.400 0.000E+00
    7  390    4.0   54.7    1  0.435E+03  -Infinity        0.3  0.400 0.000E+00
    8  393    4.0   52.8    1  0.231E+03  -Infinity        2.2  0.400 0.000E+00
    9  463    0.5   50.0    1  0.143E+02 -0.907E+01        5.0  0.400 0.000E+00
   10  496    1.5   50.0    1  0.447E+02 -0.948E+01        5.0  0.400 0.000E+00
   11  497    4.0   54.2    1  0.198E+03  -Infinity        0.8  0.400 0.000E+00
   12  526    4.0   53.3    1  0.161E+03  -Infinity        1.7  0.400 0.000E+00
   13  554    3.0   50.0    1  0.208E+03 -0.110E+02        5.0  0.400 0.000E+00
   14  638    4.0   50.9    1  0.333E+03  -Infinity        4.1  0.400 0.000E+00


 Time:      0.5000

    i    n    x      z    Code     Q          v           h       th      Conc
                                 [V/T]      [L/T]        [L]     [-]     [M/L3]

    1    2    0.0   50.0    1  0.222E+01 -0.847E+01        5.0  0.400 0.000E+00
    2    3    4.0   50.0    1  0.718E+03 -0.623E+02        5.0  0.400 0.000E+00
    3  359    2.0   50.0    1  0.968E+02 -0.948E+01        5.0  0.400 0.000E+00
    4  364    1.0   50.0    1  0.273E+02 -0.869E+01        5.0  0.400 0.000E+00
    5  374    4.0   53.8    1  0.161E+03  -Infinity        1.2  0.400 0.000E+00
    6  383    4.0   51.9    1  0.294E+03  -Infinity        3.1  0.400 0.000E+00
    7  390    4.0   54.7    1  0.409E+03  -Infinity        0.3  0.400 0.000E+00
    8  393    4.0   52.8    1  0.217E+03  -Infinity        2.2  0.400 0.000E+00
    9  463    0.5   50.0    1  0.134E+02 -0.853E+01        5.0  0.400 0.000E+00
   10  496    1.5   50.0    1  0.420E+02 -0.892E+01        5.0  0.400 0.000E+00
   11  497    4.0   54.2    1  0.186E+03  -Infinity        0.8  0.400 0.000E+00
   12  526    4.0   53.3    1  0.152E+03  -Infinity        1.7  0.400 0.000E+00
   13  554    3.0   50.0    1  0.196E+03 -0.104E+02        5.0  0.400 0.000E+00
   14  638    4.0   50.9    1  0.313E+03  -Infinity        4.1  0.400 0.000E+00


 Time:      0.6700

    i    n    x      z    Code     Q          v           h       th      Conc
                                 [V/T]      [L/T]        [L]     [-]     [M/L3]

    1    2    0.0   50.0    1  0.214E+01 -0.816E+01        5.0  0.400 0.000E+00
    2    3    4.0   50.0    1  0.692E+03 -0.601E+02        5.0  0.400 0.000E+00
    3  359    2.0   50.0    1  0.932E+02 -0.913E+01        5.0  0.400 0.000E+00
    4  364    1.0   50.0    1  0.263E+02 -0.836E+01        5.0  0.400 0.000E+00
    5  374    4.0   53.8    1  0.155E+03  -Infinity        1.2  0.400 0.000E+00
    6  383    4.0   51.9    1  0.283E+03  -Infinity        3.1  0.400 0.000E+00
    7  390    4.0   54.7    1  0.394E+03  -Infinity        0.3  0.400 0.000E+00
    8  393    4.0   52.8    1  0.209E+03  -Infinity        2.2  0.400 0.000E+00
    9  463    0.5   50.0    1  0.129E+02 -0.821E+01        5.0  0.400 0.000E+00
   10  496    1.5   50.0    1  0.405E+02 -0.859E+01        5.0  0.400 0.000E+00
   11  497    4.0   54.2    1  0.179E+03  -Infinity        0.8  0.400 0.000E+00
   12  526    4.0   53.3    1  0.146E+03  -Infinity        1.7  0.400 0.000E+00
   13  554    3.0   50.0    1  0.188E+03 -0.999E+01        5.0  0.400 0.000E+00
   14  638    4.0   50.9    1  0.301E+03  -Infinity        4.1  0.400 0.000E+00


 Time:      0.8300

    i    n    x      z    Code     Q          v           h       th      Conc
                                 [V/T]      [L/T]        [L]     [-]     [M/L3]

    1    2    0.0   50.0    1  0.208E+01 -0.796E+01        5.0  0.400 0.000E+00
    2    3    4.0   50.0    1  0.675E+03 -0.586E+02        5.0  0.400 0.000E+00
    3  359    2.0   50.0    1  0.909E+02 -0.890E+01        5.0  0.400 0.000E+00
    4  364    1.0   50.0    1  0.256E+02 -0.816E+01        5.0  0.400 0.000E+00
    5  374    4.0   53.8    1  0.151E+03  -Infinity        1.2  0.400 0.000E+00
    6  383    4.0   51.9    1  0.276E+03  -Infinity        3.1  0.400 0.000E+00
    7  390    4.0   54.7    1  0.384E+03  -Infinity        0.3  0.400 0.000E+00
    8  393    4.0   52.8    1  0.204E+03  -Infinity        2.2  0.400 0.000E+00
    9  463    0.5   50.0    1  0.126E+02 -0.801E+01        5.0  0.400 0.000E+00
   10  496    1.5   50.0    1  0.395E+02 -0.838E+01        5.0  0.400 0.000E+00
   11  497    4.0   54.2    1  0.175E+03  -Infinity        0.8  0.400 0.000E+00
   12  526    4.0   53.3    1  0.142E+03  -Infinity        1.7  0.400 0.000E+00
   13  554    3.0   50.0    1  0.184E+03 -0.975E+01        5.0  0.400 0.000E+00
   14  638    4.0   50.9    1  0.294E+03  -Infinity        4.1  0.400 0.000E+00


 Time:      1.0000

    i    n    x      z    Code     Q          v           h       th      Conc
                                 [V/T]      [L/T]        [L]     [-]     [M/L3]

    1    2    0.0   50.0    1  0.204E+01 -0.780E+01        5.0  0.400 0.000E+00
    2    3    4.0   50.0    1  0.661E+03 -0.574E+02        5.0  0.400 0.000E+00
    3  359    2.0   50.0    1  0.891E+02 -0.873E+01        5.0  0.400 0.000E+00
    4  364    1.0   50.0    1  0.251E+02 -0.799E+01        5.0  0.400 0.000E+00
    5  374    4.0   53.8    1  0.148E+03  -Infinity        1.2  0.400 0.000E+00
    6  383    4.0   51.9    1  0.270E+03  -Infinity        3.1  0.400 0.000E+00
    7  390    4.0   54.7    1  0.376E+03  -Infinity        0.3  0.400 0.000E+00
    8  393    4.0   52.8    1  0.200E+03  -Infinity        2.2  0.400 0.000E+00
    9  463    0.5   50.0    1  0.123E+02 -0.785E+01        5.0  0.400 0.000E+00
   10  496    1.5   50.0    1  0.387E+02 -0.821E+01        5.0  0.400 0.000E+00
   11  497    4.0   54.2    1  0.171E+03  -Infinity        0.8  0.400 0.000E+00
   12  526    4.0   53.3    1  0.139E+03  -Infinity        1.7  0.400 0.000E+00
   13  554    3.0   50.0    1  0.180E+03 -0.955E+01        5.0  0.400 0.000E+00
   14  638    4.0   50.9    1  0.288E+03  -Infinity        4.1  0.400 0.000E+00


 Time:      2.0000

    i    n    x      z    Code     Q          v           h       th      Conc
                                 [V/T]      [L/T]        [L]     [-]     [M/L3]

    1    2    0.0   50.0    1  0.192E+01 -0.733E+01        5.0  0.400 0.000E+00
    2    3    4.0   50.0    1  0.621E+03 -0.539E+02        5.0  0.400 0.000E+00
    3  359    2.0   50.0    1  0.838E+02 -0.821E+01        5.0  0.400 0.000E+00
    4  364    1.0   50.0    1  0.236E+02 -0.752E+01        5.0  0.400 0.000E+00
    5  374    4.0   53.8    1  0.138E+03  -Infinity        1.2  0.400 0.000E+00
    6  383    4.0   51.9    1  0.254E+03  -Infinity        3.1  0.400 0.000E+00
    7  390    4.0   54.7    1  0.352E+03  -Infinity        0.3  0.400 0.000E+00
    8  393    4.0   52.8    1  0.187E+03  -Infinity        2.2  0.400 0.000E+00
    9  463    0.5   50.0    1  0.116E+02 -0.738E+01        5.0  0.400 0.000E+00
   10  496    1.5   50.0    1  0.364E+02 -0.772E+01        5.0  0.400 0.000E+00
   11  497    4.0   54.2    1  0.160E+03  -Infinity        0.8  0.400 0.000E+00
   12  526    4.0   53.3    1  0.131E+03  -Infinity        1.7  0.400 0.000E+00
   13  554    3.0   50.0    1  0.169E+03 -0.898E+01        5.0  0.400 0.000E+00
   14  638    4.0   50.9    1  0.270E+03  -Infinity        4.1  0.400 0.000E+00


 Time:      3.0000

    i    n    x      z    Code     Q          v           h       th      Conc
                                 [V/T]      [L/T]        [L]     [-]     [M/L3]

    1    2    0.0   50.0    1  0.187E+01 -0.713E+01        5.0  0.400 0.000E+00
    2    3    4.0   50.0    1  0.603E+03 -0.524E+02        5.0  0.400 0.000E+00
    3  359    2.0   50.0    1  0.814E+02 -0.797E+01        5.0  0.400 0.000E+00
    4  364    1.0   50.0    1  0.230E+02 -0.731E+01        5.0  0.400 0.000E+00
    5  374    4.0   53.8    1  0.134E+03  -Infinity        1.2  0.400 0.000E+00
    6  383    4.0   51.9    1  0.246E+03  -Infinity        3.1  0.400 0.000E+00
    7  390    4.0   54.7    1  0.341E+03  -Infinity        0.3  0.400 0.000E+00
    8  393    4.0   52.8    1  0.182E+03  -Infinity        2.2  0.400 0.000E+00
    9  463    0.5   50.0    1  0.113E+02 -0.717E+01        5.0  0.400 0.000E+00
   10  496    1.5   50.0    1  0.353E+02 -0.750E+01        5.0  0.400 0.000E+00
   11  497    4.0   54.2    1  0.155E+03  -Infinity        0.8  0.400 0.000E+00
   12  526    4.0   53.3    1  0.127E+03  -Infinity        1.7  0.400 0.000E+00
   13  554    3.0   50.0    1  0.165E+03 -0.873E+01        5.0  0.400 0.000E+00
   14  638    4.0   50.9    1  0.262E+03  -Infinity        4.1  0.400 0.000E+00


 Time:      4.0000

    i    n    x      z    Code     Q          v           h       th      Conc
                                 [V/T]      [L/T]        [L]     [-]     [M/L3]

    1    2    0.0   50.0    1  0.184E+01 -0.701E+01        5.0  0.400 0.000E+00
    2    3    4.0   50.0    1  0.593E+03 -0.515E+02        5.0  0.400 0.000E+00
    3  359    2.0   50.0    1  0.801E+02 -0.784E+01        5.0  0.400 0.000E+00
    4  364    1.0   50.0    1  0.226E+02 -0.719E+01        5.0  0.400 0.000E+00
    5  374    4.0   53.8    1  0.132E+03  -Infinity        1.2  0.400 0.000E+00
    6  383    4.0   51.9    1  0.242E+03  -Infinity        3.1  0.400 0.000E+00
    7  390    4.0   54.7    1  0.335E+03  -Infinity        0.3  0.400 0.000E+00
    8  393    4.0   52.8    1  0.178E+03  -Infinity        2.2  0.400 0.000E+00
    9  463    0.5   50.0    1  0.111E+02 -0.706E+01        5.0  0.400 0.000E+00
   10  496    1.5   50.0    1  0.348E+02 -0.738E+01        5.0  0.400 0.000E+00
   11  497    4.0   54.2    1  0.152E+03  -Infinity        0.8  0.400 0.000E+00
   12  526    4.0   53.3    1  0.124E+03  -Infinity        1.7  0.400 0.000E+00
   13  554    3.0   50.0    1  0.162E+03 -0.858E+01        5.0  0.400 0.000E+00
   14  638    4.0   50.9    1  0.258E+03  -Infinity        4.1  0.400 0.000E+00


 Time:      5.0000

    i    n    x      z    Code     Q          v           h       th      Conc
                                 [V/T]      [L/T]        [L]     [-]     [M/L3]

    1    2    0.0   50.0    1  0.182E+01 -0.693E+01        5.0  0.400 0.000E+00
    2    3    4.0   50.0    1  0.586E+03 -0.509E+02        5.0  0.400 0.000E+00
    3  359    2.0   50.0    1  0.792E+02 -0.775E+01        5.0  0.400 0.000E+00
    4  364    1.0   50.0    1  0.223E+02 -0.711E+01        5.0  0.400 0.000E+00
    5  374    4.0   53.8    1  0.130E+03  -Infinity        1.2  0.400 0.000E+00
    6  383    4.0   51.9    1  0.239E+03  -Infinity        3.1  0.400 0.000E+00
    7  390    4.0   54.7    1  0.331E+03  -Infinity        0.3  0.400 0.000E+00
    8  393    4.0   52.8    1  0.176E+03  -Infinity        2.2  0.400 0.000E+00
    9  463    0.5   50.0    1  0.110E+02 -0.698E+01        5.0  0.400 0.000E+00
   10  496    1.5   50.0    1  0.344E+02 -0.729E+01        5.0  0.400 0.000E+00
   11  497    4.0   54.2    1  0.151E+03  -Infinity        0.8  0.400 0.000E+00
   12  526    4.0   53.3    1  0.123E+03  -Infinity        1.7  0.400 0.000E+00
   13  554    3.0   50.0    1  0.160E+03 -0.848E+01        5.0  0.400 0.000E+00
   14  638    4.0   50.9    1  0.255E+03  -Infinity        4.1  0.400 0.000E+00


 Time:      6.0000

    i    n    x      z    Code     Q          v           h       th      Conc
                                 [V/T]      [L/T]        [L]     [-]     [M/L3]

    1    2    0.0   50.0    1  0.180E+01 -0.687E+01        5.0  0.400 0.000E+00
    2    3    4.0   50.0    1  0.581E+03 -0.505E+02        5.0  0.400 0.000E+00
    3  359    2.0   50.0    1  0.785E+02 -0.769E+01        5.0  0.400 0.000E+00
    4  364    1.0   50.0    1  0.221E+02 -0.705E+01        5.0  0.400 0.000E+00
    5  374    4.0   53.8    1  0.129E+03  -Infinity        1.2  0.400 0.000E+00
    6  383    4.0   51.9    1  0.237E+03  -Infinity        3.1  0.400 0.000E+00
    7  390    4.0   54.7    1  0.327E+03  -Infinity        0.3  0.400 0.000E+00
    8  393    4.0   52.8    1  0.175E+03  -Infinity        2.2  0.400 0.000E+00
    9  463    0.5   50.0    1  0.109E+02 -0.692E+01        5.0  0.400 0.000E+00
   10  496    1.5   50.0    1  0.341E+02 -0.723E+01        5.0  0.400 0.000E+00
   11  497    4.0   54.2    1  0.149E+03  -Infinity        0.8  0.400 0.000E+00
   12  526    4.0   53.3    1  0.122E+03  -Infinity        1.7  0.400 0.000E+00
   13  554    3.0   50.0    1  0.159E+03 -0.841E+01        5.0  0.400 0.000E+00
   14  638    4.0   50.9    1  0.252E+03  -Infinity        4.1  0.400 0.000E+00
