 Example                                                                 

 Program SWMS_2D
 Time independent boundary conditions
 Axisymmetric flow, V = L*L*L
 Units: L = cm   , T = min  , M = -    

 Time [T]             Total     Sub-region number ...

      0.0000                      1
 Area    [V]         0.401E+06  0.401E+06
 Volume  [V]         0.286E+05  0.286E+05
 InFlow  [V/T]       0.000E+00  0.000E+00
 hMean   [L]        -0.654E+02      -65.4

      0.1700                      1
 Area    [V]         0.401E+06  0.401E+06
 Volume  [V]         0.293E+05  0.293E+05
 InFlow  [V/T]       0.350E+04  0.350E+04
 hMean   [L]        -0.652E+02      -65.2
 WatBalT [V]        -0.136E-01
 WatBalR [%]             0.002

      0.3300                      1
 Area    [V]         0.401E+06  0.401E+06
 Volume  [V]         0.298E+05  0.298E+05
 InFlow  [V/T]       0.301E+04  0.301E+04
 hMean   [L]        -0.651E+02      -65.1
 WatBalT [V]        -0.281E-02
 WatBalR [%]             0.000

      0.5000                      1
 Area    [V]         0.401E+06  0.401E+06
 Volume  [V]         0.303E+05  0.303E+05
 InFlow  [V/T]       0.283E+04  0.283E+04
 hMean   [L]        -0.649E+02      -64.9
 WatBalT [V]        -0.513E-02
 WatBalR [%]             0.000

      0.6700                      1
 Area    [V]         0.401E+06  0.401E+06
 Volume  [V]         0.307E+05  0.307E+05
 InFlow  [V/T]       0.272E+04  0.272E+04
 hMean   [L]        -0.648E+02      -64.8
 WatBalT [V]        -0.166E+00
 WatBalR [%]             0.008

      0.8300                      1
 Area    [V]         0.401E+06  0.401E+06
 Volume  [V]         0.312E+05  0.312E+05
 InFlow  [V/T]       0.266E+04  0.266E+04
 hMean   [L]        -0.647E+02      -64.7
 WatBalT [V]        -0.283E+00
 WatBalR [%]             0.011

      1.0000                      1
 Area    [V]         0.401E+06  0.401E+06
 Volume  [V]         0.316E+05  0.316E+05
 InFlow  [V/T]       0.260E+04  0.260E+04
 hMean   [L]        -0.646E+02      -64.6
 WatBalT [V]        -0.486E+00
 WatBalR [%]             0.016

      2.0000                      1
 Area    [V]         0.401E+06  0.401E+06
 Volume  [V]         0.341E+05  0.341E+05
 InFlow  [V/T]       0.244E+04  0.244E+04
 hMean   [L]        -0.640E+02      -64.0
 WatBalT [V]        -0.625E+00
 WatBalR [%]             0.011

      3.0000                      1
 Area    [V]         0.401E+06  0.401E+06
 Volume  [V]         0.365E+05  0.365E+05
 InFlow  [V/T]       0.237E+04  0.237E+04
 hMean   [L]        -0.634E+02      -63.4
 WatBalT [V]        -0.460E+01
 WatBalR [%]             0.057

      4.0000                      1
 Area    [V]         0.401E+06  0.401E+06
 Volume  [V]         0.388E+05  0.388E+05
 InFlow  [V/T]       0.229E+04  0.229E+04
 hMean   [L]        -0.629E+02      -62.9
 WatBalT [V]        -0.843E+01
 WatBalR [%]             0.081

      5.0000                      1
 Area    [V]         0.401E+06  0.401E+06
 Volume  [V]         0.412E+05  0.412E+05
 InFlow  [V/T]       0.230E+04  0.230E+04
 hMean   [L]        -0.623E+02      -62.3
 WatBalT [V]        -0.175E+02
 WatBalR [%]             0.137

      6.0000                      1
 Area    [V]         0.401E+06  0.401E+06
 Volume  [V]         0.434E+05  0.434E+05
 InFlow  [V/T]       0.228E+04  0.228E+04
 hMean   [L]        -0.617E+02      -61.7
 WatBalT [V]        -0.196E+02
 WatBalR [%]             0.130
