 Example                                                                 

 Program SWMS_2D
 Time independent boundary conditions
 Axisymmetric flow, V = L*L*L
 Units: L = cm   , T = min  , M = -    
 All cumulative fluxes (CumQ) are positive out of the region

     Time     CumQAP      CumQRP     CumQA      CumQR     CumQ3       CumQ1      CumQS      CumQ5       CumQ6 ....
      [T]       [V]         [V]       [V]        [V]       [V]         [V]        [V]        [V]         [V]

      0.1700  0.000E+00  0.000E+00  0.000E+00  0.000E+00  0.000E+00 -0.722E+03  0.000E+00  0.000E+00  0.000E+00
      0.3300  0.000E+00  0.000E+00  0.000E+00  0.000E+00  0.000E+00 -0.122E+04  0.000E+00  0.000E+00  0.000E+00
      0.5000  0.000E+00  0.000E+00  0.000E+00  0.000E+00  0.000E+00 -0.171E+04  0.000E+00  0.000E+00  0.000E+00
      0.6700  0.000E+00  0.000E+00  0.000E+00  0.000E+00  0.000E+00 -0.218E+04  0.000E+00  0.000E+00  0.000E+00
      0.8300  0.000E+00  0.000E+00  0.000E+00  0.000E+00  0.000E+00 -0.261E+04  0.000E+00  0.000E+00  0.000E+00
      1.0000  0.000E+00  0.000E+00  0.000E+00  0.000E+00  0.000E+00 -0.306E+04  0.000E+00  0.000E+00  0.000E+00
      2.0000  0.000E+00  0.000E+00  0.000E+00  0.000E+00  0.000E+00 -0.556E+04  0.000E+00  0.000E+00  0.000E+00
      3.0000  0.000E+00  0.000E+00  0.000E+00  0.000E+00  0.000E+00 -0.796E+04  0.000E+00  0.000E+00  0.000E+00
      4.0000  0.000E+00  0.000E+00  0.000E+00  0.000E+00  0.000E+00 -0.103E+05  0.000E+00  0.000E+00  0.000E+00
      5.0000  0.000E+00  0.000E+00  0.000E+00  0.000E+00  0.000E+00 -0.126E+05  0.000E+00  0.000E+00  0.000E+00
      6.0000  0.000E+00  0.000E+00  0.000E+00  0.000E+00  0.000E+00 -0.149E+05  0.000E+00  0.000E+00  0.000E+00
