 Example                                                                 

 Program SWMS_2D
 Time independent boundary conditions
 Axisymmetric flow, V = L*L*L
 Units: L = cm   , T = min  , M = -    
 All fluxes (v) are positive out of the region

     Time       rAtm       rRoot      vAtm       vRoot      vKode3     vKode1     vSeep      vKode5     vKode6 ...
      [T]      [L/T]       [L/T]     [L/T]       [L/T]       [V/T]      [V/T]     [V/T]       [V/T]      [V/T]

      0.1700  0.000E+00  0.000E+00  0.000E+00  0.000E+00  0.000E+00 -0.350E+04  0.000E+00  0.000E+00  0.000E+00
      0.3300  0.000E+00  0.000E+00  0.000E+00  0.000E+00  0.000E+00 -0.301E+04  0.000E+00  0.000E+00  0.000E+00
      0.5000  0.000E+00  0.000E+00  0.000E+00  0.000E+00  0.000E+00 -0.283E+04  0.000E+00  0.000E+00  0.000E+00
      0.6700  0.000E+00  0.000E+00  0.000E+00  0.000E+00  0.000E+00 -0.272E+04  0.000E+00  0.000E+00  0.000E+00
      0.8300  0.000E+00  0.000E+00  0.000E+00  0.000E+00  0.000E+00 -0.265E+04  0.000E+00  0.000E+00  0.000E+00
      1.0000  0.000E+00  0.000E+00  0.000E+00  0.000E+00  0.000E+00 -0.260E+04  0.000E+00  0.000E+00  0.000E+00
      2.0000  0.000E+00  0.000E+00  0.000E+00  0.000E+00  0.000E+00 -0.244E+04  0.000E+00  0.000E+00  0.000E+00
      3.0000  0.000E+00  0.000E+00  0.000E+00  0.000E+00  0.000E+00 -0.237E+04  0.000E+00  0.000E+00  0.000E+00
      4.0000  0.000E+00  0.000E+00  0.000E+00  0.000E+00  0.000E+00 -0.233E+04  0.000E+00  0.000E+00  0.000E+00
      5.0000  0.000E+00  0.000E+00  0.000E+00  0.000E+00  0.000E+00 -0.230E+04  0.000E+00  0.000E+00  0.000E+00
      6.0000  0.000E+00  0.000E+00  0.000E+00  0.000E+00  0.000E+00 -0.228E+04  0.000E+00  0.000E+00  0.000E+00
